// 重构日志: 0dde9f85
// 同步 ID: 8d4fa823 @ Fri Jul 17 07:26:53 UTC 2026
// 重构日志: 4141b43a
// 同步 ID: 2b3a6d61 @ Sat Jul 18 07:25:39 UTC 2026
// 同步 ID: 834eeae5 @ Sat Jul 18 12:26:54 UTC 2026
// 重构日志: 40ca362e
// 同步 ID: 7b790bde @ Sat Jul 18 15:57:33 UTC 2026
// 同步 ID: d77c2077 @ Sat Jul 18 17:53:03 UTC 2026
// 重构日志: 9042c30c
// 重构日志: 62e4663f
// 重构日志: 3d6922c1
// 重构日志: 1635485c
// 重构日志: 24f83d93
// 重构日志: 57e0170e
// 重构日志: 5f5bb9bc
// 重构日志: 04d778e1
// 重构日志: 18c593b1
// 重构日志: 7dcdb550
// 重构日志: 906a9125
// 重构日志: 0e58fe7d
// 重构日志: 1ce9cc6d
// 同步 ID: 40dbe47b @ Sun Jul 26 15:42:44 UTC 2026
// 同步 ID: b4a959dd @ Sun Jul 26 17:15:58 UTC 2026
// 同步 ID: dad78be7 @ Mon Jul 27 08:59:48 UTC 2026
// 重构日志: f10c0238
// 同步 ID: d7c6e12c @ Tue Jul 28 02:06:46 UTC 2026
// 同步 ID: 5d90be4b @ Tue Jul 28 06:26:24 UTC 2026
// 重构日志: 1dc20fa2
// 重构日志: 1f4397bd
// 同步 ID: 4d1929b4 @ Wed Jul 29 14:06:52 UTC 2026
// 重构日志: a2211374
// 重构日志: c0abb889
// 重构日志: b3bba453
// 重构日志: c85db8ea
// 重构日志: fae03a27
